// Jest Snapshot v1, https://goo.gl/fbAQLP

exports[`test against snapshot 1`] = `null`;
