// Jest Snapshot v1, https://goo.gl/fbAQLP

exports[`<AirPollution /> renders correctly across screens 1`] = `<View />`;

exports[`test against snapshot 1`] = `<View />`;
